../Core/Src/main.c:83:5:main	120	static
../Core/Src/main.c:218:6:SystemClock_Config	88	static
../Core/Src/main.c:257:13:MX_I2C1_Init	8	static
../Core/Src/main.c:286:13:MX_SPI1_Init	8	static
../Core/Src/main.c:318:13:MX_GPIO_Init	48	static
../Core/Src/main.c:368:6:MPU6050_Read_DMP	112	static
../Core/Src/main.c:394:6:NRF24_WriteReg	24	static
../Core/Src/main.c:402:9:NRF24_ReadReg	24	static
../Core/Src/main.c:412:6:NRF24_WritePayload	24	static
../Core/Src/main.c:420:6:NRF24_ReadPayload	24	static
../Core/Src/main.c:427:6:NRF24_WriteRegisterMulti	24	static
../Core/Src/main.c:435:6:NRF24_Init	16	static
../Core/Src/main.c:453:6:NRF24L01_Transmit	64	static
../Core/Src/main.c:484:6:NRF24L01_PingPong_Handler	88	static
../Core/Src/main.c:533:6:LCD_PulseEnable	8	static
../Core/Src/main.c:540:6:LCD_Write4Bit	16	static
../Core/Src/main.c:548:6:LCD_SendCommand	16	static
../Core/Src/main.c:554:6:LCD_SendData	16	static
../Core/Src/main.c:560:6:LCD_Init	8	static
../Core/Src/main.c:575:6:LCD_DisplayString	24	static
../Core/Src/main.c:588:6:Error_Handler	4	static,ignoring_inline_asm
